2025-04-15T00:28:57.808+09:00  INFO 3388 --- [workerManagers] [restartedMain] c.e.w.WorkerManagersApplication          : Starting WorkerManagersApplication using Java 17.0.13 with PID 3388 (C:\Users\rlaru\Desktop\workerManagers\BE\build\classes\java\main started by rlaru in C:\Users\rlaru\Desktop\workerManagers\BE)
2025-04-15T00:28:57.815+09:00  INFO 3388 --- [workerManagers] [restartedMain] c.e.w.WorkerManagersApplication          : No active profile set, falling back to 1 default profile: "default"
2025-04-15T00:28:57.851+09:00  INFO 3388 --- [workerManagers] [restartedMain] .e.DevToolsPropertyDefaultsPostProcessor : Devtools property defaults active! Set 'spring.devtools.add-properties' to 'false' to disable
2025-04-15T00:28:57.852+09:00  INFO 3388 --- [workerManagers] [restartedMain] .e.DevToolsPropertyDefaultsPostProcessor : For additional web related logging consider setting the 'logging.level.web' property to 'DEBUG'
2025-04-15T00:28:58.593+09:00  INFO 3388 --- [workerManagers] [restartedMain] .s.d.r.c.RepositoryConfigurationDelegate : Bootstrapping Spring Data JPA repositories in DEFAULT mode.
2025-04-15T00:28:58.696+09:00  INFO 3388 --- [workerManagers] [restartedMain] .s.d.r.c.RepositoryConfigurationDelegate : Finished Spring Data repository scanning in 94 ms. Found 7 JPA repository interfaces.
2025-04-15T00:28:59.312+09:00  INFO 3388 --- [workerManagers] [restartedMain] o.s.b.w.embedded.tomcat.TomcatWebServer  : Tomcat initialized with port 8080 (http)
2025-04-15T00:28:59.323+09:00  INFO 3388 --- [workerManagers] [restartedMain] o.apache.catalina.core.StandardService   : Starting service [Tomcat]
2025-04-15T00:28:59.325+09:00  INFO 3388 --- [workerManagers] [restartedMain] o.apache.catalina.core.StandardEngine    : Starting Servlet engine: [Apache Tomcat/10.1.19]
2025-04-15T00:28:59.378+09:00  INFO 3388 --- [workerManagers] [restartedMain] o.a.c.c.C.[Tomcat].[localhost].[/]       : Initializing Spring embedded WebApplicationContext
2025-04-15T00:28:59.378+09:00  INFO 3388 --- [workerManagers] [restartedMain] w.s.c.ServletWebServerApplicationContext : Root WebApplicationContext: initialization completed in 1526 ms
2025-04-15T00:28:59.407+09:00  INFO 3388 --- [workerManagers] [restartedMain] com.zaxxer.hikari.HikariDataSource       : HikariPool-1 - Starting...
2025-04-15T00:28:59.697+09:00  INFO 3388 --- [workerManagers] [restartedMain] com.zaxxer.hikari.pool.HikariPool        : HikariPool-1 - Added connection com.mysql.cj.jdbc.ConnectionImpl@6e7e631b
2025-04-15T00:28:59.700+09:00  INFO 3388 --- [workerManagers] [restartedMain] com.zaxxer.hikari.HikariDataSource       : HikariPool-1 - Start completed.
2025-04-15T00:28:59.709+09:00  INFO 3388 --- [workerManagers] [restartedMain] o.s.b.a.h2.H2ConsoleAutoConfiguration    : H2 console available at '/h2-console'. Database available at 'jdbc:mysql://localhost:3306/workerManagers?createDatabaseIfNotExist=true&useUnicode=true&characterEncoding=utf8&serverTimezone=UTC'
2025-04-15T00:28:59.863+09:00  INFO 3388 --- [workerManagers] [restartedMain] o.hibernate.jpa.internal.util.LogHelper  : HHH000204: Processing PersistenceUnitInfo [name: default]
2025-04-15T00:28:59.955+09:00  INFO 3388 --- [workerManagers] [restartedMain] org.hibernate.Version                    : HHH000412: Hibernate ORM core version 6.4.4.Final
2025-04-15T00:28:59.996+09:00  INFO 3388 --- [workerManagers] [restartedMain] o.h.c.internal.RegionFactoryInitiator    : HHH000026: Second-level cache disabled
2025-04-15T00:29:00.259+09:00  INFO 3388 --- [workerManagers] [restartedMain] o.s.o.j.p.SpringPersistenceUnitInfo      : No LoadTimeWeaver setup: ignoring JPA class transformer
2025-04-15T00:29:00.342+09:00  WARN 3388 --- [workerManagers] [restartedMain] org.hibernate.orm.deprecation            : HHH90000025: MySQLDialect does not need to be specified explicitly using 'hibernate.dialect' (remove the property setting and it will be selected by default)
2025-04-15T00:29:01.287+09:00  INFO 3388 --- [workerManagers] [restartedMain] o.h.e.t.j.p.i.JtaPlatformInitiator       : HHH000489: No JTA platform available (set 'hibernate.transaction.jta.platform' to enable JTA platform integration)
2025-04-15T00:29:01.387+09:00  INFO 3388 --- [workerManagers] [restartedMain] j.LocalContainerEntityManagerFactoryBean : Initialized JPA EntityManagerFactory for persistence unit 'default'
2025-04-15T00:29:01.901+09:00  WARN 3388 --- [workerManagers] [restartedMain] JpaBaseConfiguration$JpaWebConfiguration : spring.jpa.open-in-view is enabled by default. Therefore, database queries may be performed during view rendering. Explicitly configure spring.jpa.open-in-view to disable this warning
2025-04-15T00:29:02.157+09:00  INFO 3388 --- [workerManagers] [restartedMain] o.s.s.web.DefaultSecurityFilterChain     : Will secure any request with [org.springframework.security.web.session.DisableEncodeUrlFilter@5a2b248, org.springframework.security.web.context.request.async.WebAsyncManagerIntegrationFilter@49affda1, org.springframework.security.web.context.SecurityContextHolderFilter@e8a1fb8, org.springframework.security.web.header.HeaderWriterFilter@3cd9ee85, org.springframework.web.filter.CorsFilter@7b9b70da, org.springframework.security.web.authentication.logout.LogoutFilter@3cf6936e, com.example.workerManagers.global.security.JwtAuthenticationFilter@3c85c268, org.springframework.security.web.savedrequest.RequestCacheAwareFilter@6bace24f, org.springframework.security.web.servletapi.SecurityContextHolderAwareRequestFilter@5a2d097, org.springframework.security.web.authentication.AnonymousAuthenticationFilter@2ca51742, org.springframework.security.web.session.SessionManagementFilter@6ab3b53, org.springframework.security.web.access.ExceptionTranslationFilter@767eb540, org.springframework.security.web.access.intercept.AuthorizationFilter@50f39653]
2025-04-15T00:29:02.370+09:00  INFO 3388 --- [workerManagers] [restartedMain] o.s.b.d.a.OptionalLiveReloadServer       : LiveReload server is running on port 35729
2025-04-15T00:29:02.401+09:00  INFO 3388 --- [workerManagers] [restartedMain] o.s.b.w.embedded.tomcat.TomcatWebServer  : Tomcat started on port 8080 (http) with context path ''
2025-04-15T00:29:02.408+09:00  INFO 3388 --- [workerManagers] [restartedMain] c.e.w.WorkerManagersApplication          : Started WorkerManagersApplication in 5.011 seconds (process running for 5.406)
2025-04-15T00:29:11.167+09:00  INFO 3388 --- [workerManagers] [http-nio-8080-exec-3] o.a.c.c.C.[Tomcat].[localhost].[/]       : Initializing Spring DispatcherServlet 'dispatcherServlet'
2025-04-15T00:29:11.167+09:00  INFO 3388 --- [workerManagers] [http-nio-8080-exec-3] o.s.web.servlet.DispatcherServlet        : Initializing Servlet 'dispatcherServlet'
2025-04-15T00:29:11.168+09:00  INFO 3388 --- [workerManagers] [http-nio-8080-exec-3] o.s.web.servlet.DispatcherServlet        : Completed initialization in 1 ms
2025-04-15T00:29:44.480+09:00  WARN 3388 --- [workerManagers] [http-nio-8080-exec-1] .w.s.m.s.DefaultHandlerExceptionResolver : Resolved [org.springframework.web.HttpRequestMethodNotSupportedException: Request method 'GET' is not supported]
2025-04-15T00:38:54.313+09:00  INFO 29768 --- [workerManagers] [restartedMain] c.e.w.WorkerManagersApplication          : Starting WorkerManagersApplication using Java 17.0.13 with PID 29768 (C:\Users\rlaru\Desktop\workerManagers\BE\build\classes\java\main started by rlaru in C:\Users\rlaru\Desktop\workerManagers\BE)
2025-04-15T00:38:54.315+09:00  INFO 29768 --- [workerManagers] [restartedMain] c.e.w.WorkerManagersApplication          : No active profile set, falling back to 1 default profile: "default"
2025-04-15T00:38:54.348+09:00  INFO 29768 --- [workerManagers] [restartedMain] .e.DevToolsPropertyDefaultsPostProcessor : Devtools property defaults active! Set 'spring.devtools.add-properties' to 'false' to disable
2025-04-15T00:38:54.348+09:00  INFO 29768 --- [workerManagers] [restartedMain] .e.DevToolsPropertyDefaultsPostProcessor : For additional web related logging consider setting the 'logging.level.web' property to 'DEBUG'
2025-04-15T00:38:54.941+09:00  INFO 29768 --- [workerManagers] [restartedMain] .s.d.r.c.RepositoryConfigurationDelegate : Bootstrapping Spring Data JPA repositories in DEFAULT mode.
2025-04-15T00:38:55.027+09:00  INFO 29768 --- [workerManagers] [restartedMain] .s.d.r.c.RepositoryConfigurationDelegate : Finished Spring Data repository scanning in 78 ms. Found 7 JPA repository interfaces.
2025-04-15T00:38:55.599+09:00  INFO 29768 --- [workerManagers] [restartedMain] o.s.b.w.embedded.tomcat.TomcatWebServer  : Tomcat initialized with port 8080 (http)
2025-04-15T00:38:55.613+09:00  INFO 29768 --- [workerManagers] [restartedMain] o.apache.catalina.core.StandardService   : Starting service [Tomcat]
2025-04-15T00:38:55.613+09:00  INFO 29768 --- [workerManagers] [restartedMain] o.apache.catalina.core.StandardEngine    : Starting Servlet engine: [Apache Tomcat/10.1.19]
2025-04-15T00:38:55.658+09:00  INFO 29768 --- [workerManagers] [restartedMain] o.a.c.c.C.[Tomcat].[localhost].[/]       : Initializing Spring embedded WebApplicationContext
2025-04-15T00:38:55.658+09:00  INFO 29768 --- [workerManagers] [restartedMain] w.s.c.ServletWebServerApplicationContext : Root WebApplicationContext: initialization completed in 1310 ms
2025-04-15T00:38:55.686+09:00  INFO 29768 --- [workerManagers] [restartedMain] com.zaxxer.hikari.HikariDataSource       : HikariPool-1 - Starting...
2025-04-15T00:38:55.968+09:00  INFO 29768 --- [workerManagers] [restartedMain] com.zaxxer.hikari.pool.HikariPool        : HikariPool-1 - Added connection com.mysql.cj.jdbc.ConnectionImpl@4a9ec6c
2025-04-15T00:38:55.969+09:00  INFO 29768 --- [workerManagers] [restartedMain] com.zaxxer.hikari.HikariDataSource       : HikariPool-1 - Start completed.
2025-04-15T00:38:55.976+09:00  INFO 29768 --- [workerManagers] [restartedMain] o.s.b.a.h2.H2ConsoleAutoConfiguration    : H2 console available at '/h2-console'. Database available at 'jdbc:mysql://localhost:3306/workerManagers?createDatabaseIfNotExist=true&useUnicode=true&characterEncoding=utf8&serverTimezone=UTC'
2025-04-15T00:38:56.092+09:00  INFO 29768 --- [workerManagers] [restartedMain] o.hibernate.jpa.internal.util.LogHelper  : HHH000204: Processing PersistenceUnitInfo [name: default]
2025-04-15T00:38:56.155+09:00  INFO 29768 --- [workerManagers] [restartedMain] org.hibernate.Version                    : HHH000412: Hibernate ORM core version 6.4.4.Final
2025-04-15T00:38:56.191+09:00  INFO 29768 --- [workerManagers] [restartedMain] o.h.c.internal.RegionFactoryInitiator    : HHH000026: Second-level cache disabled
2025-04-15T00:38:56.424+09:00  INFO 29768 --- [workerManagers] [restartedMain] o.s.o.j.p.SpringPersistenceUnitInfo      : No LoadTimeWeaver setup: ignoring JPA class transformer
2025-04-15T00:38:56.488+09:00  WARN 29768 --- [workerManagers] [restartedMain] org.hibernate.orm.deprecation            : HHH90000025: MySQLDialect does not need to be specified explicitly using 'hibernate.dialect' (remove the property setting and it will be selected by default)
2025-04-15T00:38:57.279+09:00  INFO 29768 --- [workerManagers] [restartedMain] o.h.e.t.j.p.i.JtaPlatformInitiator       : HHH000489: No JTA platform available (set 'hibernate.transaction.jta.platform' to enable JTA platform integration)
2025-04-15T00:38:57.446+09:00  INFO 29768 --- [workerManagers] [restartedMain] j.LocalContainerEntityManagerFactoryBean : Initialized JPA EntityManagerFactory for persistence unit 'default'
2025-04-15T00:38:57.889+09:00  WARN 29768 --- [workerManagers] [restartedMain] JpaBaseConfiguration$JpaWebConfiguration : spring.jpa.open-in-view is enabled by default. Therefore, database queries may be performed during view rendering. Explicitly configure spring.jpa.open-in-view to disable this warning
2025-04-15T00:38:58.102+09:00  INFO 29768 --- [workerManagers] [restartedMain] o.s.s.web.DefaultSecurityFilterChain     : Will secure any request with [org.springframework.security.web.session.DisableEncodeUrlFilter@5b85c35, org.springframework.security.web.context.request.async.WebAsyncManagerIntegrationFilter@5a2b248, org.springframework.security.web.context.SecurityContextHolderFilter@101fcff2, org.springframework.security.web.header.HeaderWriterFilter@1888a241, org.springframework.web.filter.CorsFilter@49affda1, org.springframework.security.web.authentication.logout.LogoutFilter@12125e73, com.example.workerManagers.global.security.JwtAuthenticationFilter@7b9b70da, org.springframework.security.web.savedrequest.RequestCacheAwareFilter@5124cc99, org.springframework.security.web.servletapi.SecurityContextHolderAwareRequestFilter@6bace24f, org.springframework.security.web.authentication.AnonymousAuthenticationFilter@3c85c268, org.springframework.security.web.session.SessionManagementFilter@2047c980, org.springframework.security.web.access.ExceptionTranslationFilter@3f59371d, org.springframework.security.web.access.intercept.AuthorizationFilter@783f14ae]
2025-04-15T00:38:58.277+09:00  INFO 29768 --- [workerManagers] [restartedMain] o.s.b.d.a.OptionalLiveReloadServer       : LiveReload server is running on port 35729
2025-04-15T00:38:58.305+09:00  INFO 29768 --- [workerManagers] [restartedMain] o.s.b.w.embedded.tomcat.TomcatWebServer  : Tomcat started on port 8080 (http) with context path ''
2025-04-15T00:38:58.312+09:00  INFO 29768 --- [workerManagers] [restartedMain] c.e.w.WorkerManagersApplication          : Started WorkerManagersApplication in 4.363 seconds (process running for 4.769)
2025-04-15T00:39:04.307+09:00  INFO 29768 --- [workerManagers] [http-nio-8080-exec-2] o.a.c.c.C.[Tomcat].[localhost].[/]       : Initializing Spring DispatcherServlet 'dispatcherServlet'
2025-04-15T00:39:04.308+09:00  INFO 29768 --- [workerManagers] [http-nio-8080-exec-2] o.s.web.servlet.DispatcherServlet        : Initializing Servlet 'dispatcherServlet'
2025-04-15T00:39:04.309+09:00  INFO 29768 --- [workerManagers] [http-nio-8080-exec-2] o.s.web.servlet.DispatcherServlet        : Completed initialization in 1 ms
2025-04-15T00:39:34.281+09:00  WARN 29768 --- [workerManagers] [http-nio-8080-exec-3] .w.s.m.s.DefaultHandlerExceptionResolver : Resolved [org.springframework.web.HttpRequestMethodNotSupportedException: Request method 'GET' is not supported]
2025-04-15T00:40:43.635+09:00  WARN 29768 --- [workerManagers] [http-nio-8080-exec-7] .w.s.m.s.DefaultHandlerExceptionResolver : Resolved [org.springframework.web.HttpRequestMethodNotSupportedException: Request method 'GET' is not supported]
2025-04-15T00:41:33.116+09:00  INFO 30616 --- [workerManagers] [restartedMain] c.e.w.WorkerManagersApplication          : Starting WorkerManagersApplication using Java 17.0.13 with PID 30616 (C:\Users\rlaru\Desktop\workerManagers\BE\build\classes\java\main started by rlaru in C:\Users\rlaru\Desktop\workerManagers\BE)
2025-04-15T00:41:33.119+09:00  INFO 30616 --- [workerManagers] [restartedMain] c.e.w.WorkerManagersApplication          : No active profile set, falling back to 1 default profile: "default"
2025-04-15T00:41:33.163+09:00  INFO 30616 --- [workerManagers] [restartedMain] .e.DevToolsPropertyDefaultsPostProcessor : Devtools property defaults active! Set 'spring.devtools.add-properties' to 'false' to disable
2025-04-15T00:41:33.163+09:00  INFO 30616 --- [workerManagers] [restartedMain] .e.DevToolsPropertyDefaultsPostProcessor : For additional web related logging consider setting the 'logging.level.web' property to 'DEBUG'
2025-04-15T00:41:33.833+09:00  INFO 30616 --- [workerManagers] [restartedMain] .s.d.r.c.RepositoryConfigurationDelegate : Bootstrapping Spring Data JPA repositories in DEFAULT mode.
2025-04-15T00:41:33.919+09:00  INFO 30616 --- [workerManagers] [restartedMain] .s.d.r.c.RepositoryConfigurationDelegate : Finished Spring Data repository scanning in 79 ms. Found 7 JPA repository interfaces.
2025-04-15T00:41:34.532+09:00  INFO 30616 --- [workerManagers] [restartedMain] o.s.b.w.embedded.tomcat.TomcatWebServer  : Tomcat initialized with port 8080 (http)
2025-04-15T00:41:34.544+09:00  INFO 30616 --- [workerManagers] [restartedMain] o.apache.catalina.core.StandardService   : Starting service [Tomcat]
2025-04-15T00:41:34.544+09:00  INFO 30616 --- [workerManagers] [restartedMain] o.apache.catalina.core.StandardEngine    : Starting Servlet engine: [Apache Tomcat/10.1.19]
2025-04-15T00:41:34.597+09:00  INFO 30616 --- [workerManagers] [restartedMain] o.a.c.c.C.[Tomcat].[localhost].[/]       : Initializing Spring embedded WebApplicationContext
2025-04-15T00:41:34.597+09:00  INFO 30616 --- [workerManagers] [restartedMain] w.s.c.ServletWebServerApplicationContext : Root WebApplicationContext: initialization completed in 1433 ms
2025-04-15T00:41:34.627+09:00  INFO 30616 --- [workerManagers] [restartedMain] com.zaxxer.hikari.HikariDataSource       : HikariPool-1 - Starting...
2025-04-15T00:41:34.898+09:00  INFO 30616 --- [workerManagers] [restartedMain] com.zaxxer.hikari.pool.HikariPool        : HikariPool-1 - Added connection com.mysql.cj.jdbc.ConnectionImpl@4a9ec6c
2025-04-15T00:41:34.899+09:00  INFO 30616 --- [workerManagers] [restartedMain] com.zaxxer.hikari.HikariDataSource       : HikariPool-1 - Start completed.
2025-04-15T00:41:34.907+09:00  INFO 30616 --- [workerManagers] [restartedMain] o.s.b.a.h2.H2ConsoleAutoConfiguration    : H2 console available at '/h2-console'. Database available at 'jdbc:mysql://localhost:3306/workerManagers?createDatabaseIfNotExist=true&useUnicode=true&characterEncoding=utf8&serverTimezone=UTC'
2025-04-15T00:41:35.034+09:00  INFO 30616 --- [workerManagers] [restartedMain] o.hibernate.jpa.internal.util.LogHelper  : HHH000204: Processing PersistenceUnitInfo [name: default]
2025-04-15T00:41:35.098+09:00  INFO 30616 --- [workerManagers] [restartedMain] org.hibernate.Version                    : HHH000412: Hibernate ORM core version 6.4.4.Final
2025-04-15T00:41:35.139+09:00  INFO 30616 --- [workerManagers] [restartedMain] o.h.c.internal.RegionFactoryInitiator    : HHH000026: Second-level cache disabled
2025-04-15T00:41:35.388+09:00  INFO 30616 --- [workerManagers] [restartedMain] o.s.o.j.p.SpringPersistenceUnitInfo      : No LoadTimeWeaver setup: ignoring JPA class transformer
2025-04-15T00:41:35.451+09:00  WARN 30616 --- [workerManagers] [restartedMain] org.hibernate.orm.deprecation            : HHH90000025: MySQLDialect does not need to be specified explicitly using 'hibernate.dialect' (remove the property setting and it will be selected by default)
2025-04-15T00:41:36.293+09:00  INFO 30616 --- [workerManagers] [restartedMain] o.h.e.t.j.p.i.JtaPlatformInitiator       : HHH000489: No JTA platform available (set 'hibernate.transaction.jta.platform' to enable JTA platform integration)
2025-04-15T00:41:36.386+09:00  INFO 30616 --- [workerManagers] [restartedMain] j.LocalContainerEntityManagerFactoryBean : Initialized JPA EntityManagerFactory for persistence unit 'default'
2025-04-15T00:41:36.842+09:00  WARN 30616 --- [workerManagers] [restartedMain] JpaBaseConfiguration$JpaWebConfiguration : spring.jpa.open-in-view is enabled by default. Therefore, database queries may be performed during view rendering. Explicitly configure spring.jpa.open-in-view to disable this warning
2025-04-15T00:41:37.110+09:00  INFO 30616 --- [workerManagers] [restartedMain] o.s.s.web.DefaultSecurityFilterChain     : Will secure any request with [org.springframework.security.web.session.DisableEncodeUrlFilter@783f14ae, org.springframework.security.web.context.request.async.WebAsyncManagerIntegrationFilter@50f39653, org.springframework.security.web.context.SecurityContextHolderFilter@2047c980, org.springframework.security.web.header.HeaderWriterFilter@366242ef, org.springframework.web.filter.CorsFilter@1194624c, org.springframework.security.web.authentication.logout.LogoutFilter@2860d55a, com.example.workerManagers.global.security.JwtAuthenticationFilter@5b85c35, org.springframework.security.web.savedrequest.RequestCacheAwareFilter@1705a6f4, org.springframework.security.web.servletapi.SecurityContextHolderAwareRequestFilter@101fcff2, org.springframework.security.web.authentication.AnonymousAuthenticationFilter@5a2b248, org.springframework.security.web.session.SessionManagementFilter@4a6d94f7, org.springframework.security.web.access.ExceptionTranslationFilter@6df4934d, org.springframework.security.web.access.intercept.AuthorizationFilter@4bec7113]
2025-04-15T00:41:37.335+09:00  INFO 30616 --- [workerManagers] [restartedMain] o.s.b.d.a.OptionalLiveReloadServer       : LiveReload server is running on port 35729
2025-04-15T00:41:37.367+09:00  INFO 30616 --- [workerManagers] [restartedMain] o.s.b.w.embedded.tomcat.TomcatWebServer  : Tomcat started on port 8080 (http) with context path ''
2025-04-15T00:41:37.375+09:00  INFO 30616 --- [workerManagers] [restartedMain] c.e.w.WorkerManagersApplication          : Started WorkerManagersApplication in 4.662 seconds (process running for 5.063)
2025-04-15T00:42:37.142+09:00  INFO 30616 --- [workerManagers] [http-nio-8080-exec-2] o.a.c.c.C.[Tomcat].[localhost].[/]       : Initializing Spring DispatcherServlet 'dispatcherServlet'
2025-04-15T00:42:37.142+09:00  INFO 30616 --- [workerManagers] [http-nio-8080-exec-2] o.s.web.servlet.DispatcherServlet        : Initializing Servlet 'dispatcherServlet'
2025-04-15T00:42:37.144+09:00  INFO 30616 --- [workerManagers] [http-nio-8080-exec-2] o.s.web.servlet.DispatcherServlet        : Completed initialization in 2 ms
2025-04-15T00:54:07.887+09:00  INFO 7548 --- [workerManagers] [restartedMain] c.e.w.WorkerManagersApplication          : Starting WorkerManagersApplication using Java 17.0.13 with PID 7548 (C:\Users\rlaru\Desktop\workerManagers\BE\build\classes\java\main started by rlaru in C:\Users\rlaru\Desktop\workerManagers\BE)
2025-04-15T00:54:07.888+09:00  INFO 7548 --- [workerManagers] [restartedMain] c.e.w.WorkerManagersApplication          : No active profile set, falling back to 1 default profile: "default"
2025-04-15T00:54:07.923+09:00  INFO 7548 --- [workerManagers] [restartedMain] .e.DevToolsPropertyDefaultsPostProcessor : Devtools property defaults active! Set 'spring.devtools.add-properties' to 'false' to disable
2025-04-15T00:54:07.923+09:00  INFO 7548 --- [workerManagers] [restartedMain] .e.DevToolsPropertyDefaultsPostProcessor : For additional web related logging consider setting the 'logging.level.web' property to 'DEBUG'
2025-04-15T00:54:08.496+09:00  INFO 7548 --- [workerManagers] [restartedMain] .s.d.r.c.RepositoryConfigurationDelegate : Bootstrapping Spring Data JPA repositories in DEFAULT mode.
2025-04-15T00:54:08.579+09:00  INFO 7548 --- [workerManagers] [restartedMain] .s.d.r.c.RepositoryConfigurationDelegate : Finished Spring Data repository scanning in 75 ms. Found 7 JPA repository interfaces.
2025-04-15T00:54:09.119+09:00  INFO 7548 --- [workerManagers] [restartedMain] o.s.b.w.embedded.tomcat.TomcatWebServer  : Tomcat initialized with port 8080 (http)
2025-04-15T00:54:09.131+09:00  INFO 7548 --- [workerManagers] [restartedMain] o.apache.catalina.core.StandardService   : Starting service [Tomcat]
2025-04-15T00:54:09.131+09:00  INFO 7548 --- [workerManagers] [restartedMain] o.apache.catalina.core.StandardEngine    : Starting Servlet engine: [Apache Tomcat/10.1.19]
2025-04-15T00:54:09.176+09:00  INFO 7548 --- [workerManagers] [restartedMain] o.a.c.c.C.[Tomcat].[localhost].[/]       : Initializing Spring embedded WebApplicationContext
2025-04-15T00:54:09.176+09:00  INFO 7548 --- [workerManagers] [restartedMain] w.s.c.ServletWebServerApplicationContext : Root WebApplicationContext: initialization completed in 1253 ms
2025-04-15T00:54:09.199+09:00  INFO 7548 --- [workerManagers] [restartedMain] com.zaxxer.hikari.HikariDataSource       : HikariPool-1 - Starting...
2025-04-15T00:54:09.455+09:00  INFO 7548 --- [workerManagers] [restartedMain] com.zaxxer.hikari.pool.HikariPool        : HikariPool-1 - Added connection com.mysql.cj.jdbc.ConnectionImpl@51505e84
2025-04-15T00:54:09.457+09:00  INFO 7548 --- [workerManagers] [restartedMain] com.zaxxer.hikari.HikariDataSource       : HikariPool-1 - Start completed.
2025-04-15T00:54:09.464+09:00  INFO 7548 --- [workerManagers] [restartedMain] o.s.b.a.h2.H2ConsoleAutoConfiguration    : H2 console available at '/h2-console'. Database available at 'jdbc:mysql://localhost:3306/workerManagers?createDatabaseIfNotExist=true&useUnicode=true&characterEncoding=utf8&serverTimezone=UTC'
2025-04-15T00:54:09.573+09:00  INFO 7548 --- [workerManagers] [restartedMain] o.hibernate.jpa.internal.util.LogHelper  : HHH000204: Processing PersistenceUnitInfo [name: default]
2025-04-15T00:54:09.629+09:00  INFO 7548 --- [workerManagers] [restartedMain] org.hibernate.Version                    : HHH000412: Hibernate ORM core version 6.4.4.Final
2025-04-15T00:54:09.668+09:00  INFO 7548 --- [workerManagers] [restartedMain] o.h.c.internal.RegionFactoryInitiator    : HHH000026: Second-level cache disabled
2025-04-15T00:54:09.890+09:00  INFO 7548 --- [workerManagers] [restartedMain] o.s.o.j.p.SpringPersistenceUnitInfo      : No LoadTimeWeaver setup: ignoring JPA class transformer
2025-04-15T00:54:09.948+09:00  WARN 7548 --- [workerManagers] [restartedMain] org.hibernate.orm.deprecation            : HHH90000025: MySQLDialect does not need to be specified explicitly using 'hibernate.dialect' (remove the property setting and it will be selected by default)
2025-04-15T00:54:10.742+09:00  INFO 7548 --- [workerManagers] [restartedMain] o.h.e.t.j.p.i.JtaPlatformInitiator       : HHH000489: No JTA platform available (set 'hibernate.transaction.jta.platform' to enable JTA platform integration)
2025-04-15T00:54:10.839+09:00  INFO 7548 --- [workerManagers] [restartedMain] j.LocalContainerEntityManagerFactoryBean : Initialized JPA EntityManagerFactory for persistence unit 'default'
2025-04-15T00:54:11.282+09:00  WARN 7548 --- [workerManagers] [restartedMain] JpaBaseConfiguration$JpaWebConfiguration : spring.jpa.open-in-view is enabled by default. Therefore, database queries may be performed during view rendering. Explicitly configure spring.jpa.open-in-view to disable this warning
2025-04-15T00:54:11.485+09:00  INFO 7548 --- [workerManagers] [restartedMain] o.s.s.web.DefaultSecurityFilterChain     : Will secure any request with [org.springframework.security.web.session.DisableEncodeUrlFilter@4e02c126, org.springframework.security.web.context.request.async.WebAsyncManagerIntegrationFilter@5dc6dc7f, org.springframework.security.web.context.SecurityContextHolderFilter@29c62f5e, org.springframework.security.web.header.HeaderWriterFilter@5124cc99, org.springframework.web.filter.CorsFilter@18b2ddaa, org.springframework.security.web.authentication.logout.LogoutFilter@2ca51742, com.example.workerManagers.global.security.JwtAuthenticationFilter@1dc5e87, org.springframework.security.web.savedrequest.RequestCacheAwareFilter@3e9df462, org.springframework.security.web.servletapi.SecurityContextHolderAwareRequestFilter@785af77b, org.springframework.security.web.authentication.AnonymousAuthenticationFilter@590fa46b, org.springframework.security.web.session.SessionManagementFilter@7b9ef862, org.springframework.security.web.access.ExceptionTranslationFilter@101fcff2, org.springframework.security.web.access.intercept.AuthorizationFilter@7fcd834a]
2025-04-15T00:54:11.660+09:00  INFO 7548 --- [workerManagers] [restartedMain] o.s.b.d.a.OptionalLiveReloadServer       : LiveReload server is running on port 35729
2025-04-15T00:54:11.686+09:00  INFO 7548 --- [workerManagers] [restartedMain] o.s.b.w.embedded.tomcat.TomcatWebServer  : Tomcat started on port 8080 (http) with context path ''
2025-04-15T00:54:11.692+09:00  INFO 7548 --- [workerManagers] [restartedMain] c.e.w.WorkerManagersApplication          : Started WorkerManagersApplication in 4.164 seconds (process running for 4.512)
2025-04-15T00:54:27.606+09:00  INFO 7548 --- [workerManagers] [http-nio-8080-exec-2] o.a.c.c.C.[Tomcat].[localhost].[/]       : Initializing Spring DispatcherServlet 'dispatcherServlet'
2025-04-15T00:54:27.606+09:00  INFO 7548 --- [workerManagers] [http-nio-8080-exec-2] o.s.web.servlet.DispatcherServlet        : Initializing Servlet 'dispatcherServlet'
2025-04-15T00:54:27.607+09:00  INFO 7548 --- [workerManagers] [http-nio-8080-exec-2] o.s.web.servlet.DispatcherServlet        : Completed initialization in 1 ms
2025-04-15T00:57:14.955+09:00  WARN 7548 --- [workerManagers] [http-nio-8080-exec-6] .w.s.m.s.DefaultHandlerExceptionResolver : Resolved [org.springframework.web.HttpRequestMethodNotSupportedException: Request method 'GET' is not supported]
2025-04-15T00:57:21.408+09:00  INFO 3640 --- [workerManagers] [restartedMain] c.e.w.WorkerManagersApplication          : Starting WorkerManagersApplication using Java 17.0.13 with PID 3640 (C:\Users\rlaru\Desktop\workerManagers\BE\build\classes\java\main started by rlaru in C:\Users\rlaru\Desktop\workerManagers\BE)
2025-04-15T00:57:21.411+09:00  INFO 3640 --- [workerManagers] [restartedMain] c.e.w.WorkerManagersApplication          : No active profile set, falling back to 1 default profile: "default"
2025-04-15T00:57:21.446+09:00  INFO 3640 --- [workerManagers] [restartedMain] .e.DevToolsPropertyDefaultsPostProcessor : Devtools property defaults active! Set 'spring.devtools.add-properties' to 'false' to disable
2025-04-15T00:57:21.447+09:00  INFO 3640 --- [workerManagers] [restartedMain] .e.DevToolsPropertyDefaultsPostProcessor : For additional web related logging consider setting the 'logging.level.web' property to 'DEBUG'
2025-04-15T00:57:22.046+09:00  INFO 3640 --- [workerManagers] [restartedMain] .s.d.r.c.RepositoryConfigurationDelegate : Bootstrapping Spring Data JPA repositories in DEFAULT mode.
2025-04-15T00:57:22.132+09:00  INFO 3640 --- [workerManagers] [restartedMain] .s.d.r.c.RepositoryConfigurationDelegate : Finished Spring Data repository scanning in 78 ms. Found 7 JPA repository interfaces.
2025-04-15T00:57:22.673+09:00  INFO 3640 --- [workerManagers] [restartedMain] o.s.b.w.embedded.tomcat.TomcatWebServer  : Tomcat initialized with port 8080 (http)
2025-04-15T00:57:22.683+09:00  INFO 3640 --- [workerManagers] [restartedMain] o.apache.catalina.core.StandardService   : Starting service [Tomcat]
2025-04-15T00:57:22.683+09:00  INFO 3640 --- [workerManagers] [restartedMain] o.apache.catalina.core.StandardEngine    : Starting Servlet engine: [Apache Tomcat/10.1.19]
2025-04-15T00:57:22.730+09:00  INFO 3640 --- [workerManagers] [restartedMain] o.a.c.c.C.[Tomcat].[localhost].[/]       : Initializing Spring embedded WebApplicationContext
2025-04-15T00:57:22.731+09:00  INFO 3640 --- [workerManagers] [restartedMain] w.s.c.ServletWebServerApplicationContext : Root WebApplicationContext: initialization completed in 1284 ms
2025-04-15T00:57:22.758+09:00  INFO 3640 --- [workerManagers] [restartedMain] com.zaxxer.hikari.HikariDataSource       : HikariPool-1 - Starting...
2025-04-15T00:57:23.003+09:00  INFO 3640 --- [workerManagers] [restartedMain] com.zaxxer.hikari.pool.HikariPool        : HikariPool-1 - Added connection com.mysql.cj.jdbc.ConnectionImpl@3c04c3df
2025-04-15T00:57:23.005+09:00  INFO 3640 --- [workerManagers] [restartedMain] com.zaxxer.hikari.HikariDataSource       : HikariPool-1 - Start completed.
2025-04-15T00:57:23.013+09:00  INFO 3640 --- [workerManagers] [restartedMain] o.s.b.a.h2.H2ConsoleAutoConfiguration    : H2 console available at '/h2-console'. Database available at 'jdbc:mysql://localhost:3306/workerManagers?createDatabaseIfNotExist=true&useUnicode=true&characterEncoding=utf8&serverTimezone=UTC'
2025-04-15T00:57:23.150+09:00  INFO 3640 --- [workerManagers] [restartedMain] o.hibernate.jpa.internal.util.LogHelper  : HHH000204: Processing PersistenceUnitInfo [name: default]
2025-04-15T00:57:23.207+09:00  INFO 3640 --- [workerManagers] [restartedMain] org.hibernate.Version                    : HHH000412: Hibernate ORM core version 6.4.4.Final
2025-04-15T00:57:23.246+09:00  INFO 3640 --- [workerManagers] [restartedMain] o.h.c.internal.RegionFactoryInitiator    : HHH000026: Second-level cache disabled
2025-04-15T00:57:23.464+09:00  INFO 3640 --- [workerManagers] [restartedMain] o.s.o.j.p.SpringPersistenceUnitInfo      : No LoadTimeWeaver setup: ignoring JPA class transformer
2025-04-15T00:57:23.523+09:00  WARN 3640 --- [workerManagers] [restartedMain] org.hibernate.orm.deprecation            : HHH90000025: MySQLDialect does not need to be specified explicitly using 'hibernate.dialect' (remove the property setting and it will be selected by default)
2025-04-15T00:57:24.352+09:00  INFO 3640 --- [workerManagers] [restartedMain] o.h.e.t.j.p.i.JtaPlatformInitiator       : HHH000489: No JTA platform available (set 'hibernate.transaction.jta.platform' to enable JTA platform integration)
2025-04-15T00:57:24.463+09:00  INFO 3640 --- [workerManagers] [restartedMain] j.LocalContainerEntityManagerFactoryBean : Initialized JPA EntityManagerFactory for persistence unit 'default'
2025-04-15T00:57:24.970+09:00  WARN 3640 --- [workerManagers] [restartedMain] JpaBaseConfiguration$JpaWebConfiguration : spring.jpa.open-in-view is enabled by default. Therefore, database queries may be performed during view rendering. Explicitly configure spring.jpa.open-in-view to disable this warning
2025-04-15T00:57:25.192+09:00  INFO 3640 --- [workerManagers] [restartedMain] o.s.s.web.DefaultSecurityFilterChain     : Will secure any request with [org.springframework.security.web.session.DisableEncodeUrlFilter@7b9b70da, org.springframework.security.web.context.request.async.WebAsyncManagerIntegrationFilter@3c85c268, org.springframework.security.web.context.SecurityContextHolderFilter@6bace24f, org.springframework.security.web.header.HeaderWriterFilter@4999bf60, org.springframework.web.filter.CorsFilter@2ca51742, org.springframework.security.web.authentication.logout.LogoutFilter@5eaa216, com.example.workerManagers.global.security.JwtAuthenticationFilter@1ad1b582, org.springframework.security.web.savedrequest.RequestCacheAwareFilter@5b8b7844, org.springframework.security.web.servletapi.SecurityContextHolderAwareRequestFilter@2c3c37a8, org.springframework.security.web.authentication.AnonymousAuthenticationFilter@3aec1ba2, org.springframework.security.web.session.SessionManagementFilter@101fcff2, org.springframework.security.web.access.ExceptionTranslationFilter@3cd9ee85, org.springframework.security.web.access.intercept.AuthorizationFilter@5b85c35]
2025-04-15T00:57:25.373+09:00  INFO 3640 --- [workerManagers] [restartedMain] o.s.b.d.a.OptionalLiveReloadServer       : LiveReload server is running on port 35729
2025-04-15T00:57:25.403+09:00  INFO 3640 --- [workerManagers] [restartedMain] o.s.b.w.embedded.tomcat.TomcatWebServer  : Tomcat started on port 8080 (http) with context path ''
2025-04-15T00:57:25.408+09:00  INFO 3640 --- [workerManagers] [restartedMain] c.e.w.WorkerManagersApplication          : Started WorkerManagersApplication in 4.346 seconds (process running for 4.669)
2025-04-15T00:58:19.514+09:00  INFO 3640 --- [workerManagers] [http-nio-8080-exec-2] o.a.c.c.C.[Tomcat].[localhost].[/]       : Initializing Spring DispatcherServlet 'dispatcherServlet'
2025-04-15T00:58:19.515+09:00  INFO 3640 --- [workerManagers] [http-nio-8080-exec-2] o.s.web.servlet.DispatcherServlet        : Initializing Servlet 'dispatcherServlet'
2025-04-15T00:58:19.516+09:00  INFO 3640 --- [workerManagers] [http-nio-8080-exec-2] o.s.web.servlet.DispatcherServlet        : Completed initialization in 1 ms
2025-04-15T00:58:19.545+09:00  WARN 3640 --- [workerManagers] [http-nio-8080-exec-2] .w.s.m.s.DefaultHandlerExceptionResolver : Resolved [org.springframework.web.HttpRequestMethodNotSupportedException: Request method 'GET' is not supported]
2025-04-15T01:06:40.761+09:00  INFO 26228 --- [workerManagers] [restartedMain] c.e.w.WorkerManagersApplication          : Starting WorkerManagersApplication using Java 17.0.13 with PID 26228 (C:\Users\rlaru\Desktop\workerManagers\BE\build\classes\java\main started by rlaru in C:\Users\rlaru\Desktop\workerManagers\BE)
2025-04-15T01:06:40.762+09:00  INFO 26228 --- [workerManagers] [restartedMain] c.e.w.WorkerManagersApplication          : No active profile set, falling back to 1 default profile: "default"
2025-04-15T01:06:40.798+09:00  INFO 26228 --- [workerManagers] [restartedMain] .e.DevToolsPropertyDefaultsPostProcessor : Devtools property defaults active! Set 'spring.devtools.add-properties' to 'false' to disable
2025-04-15T01:06:40.799+09:00  INFO 26228 --- [workerManagers] [restartedMain] .e.DevToolsPropertyDefaultsPostProcessor : For additional web related logging consider setting the 'logging.level.web' property to 'DEBUG'
2025-04-15T01:06:41.418+09:00  INFO 26228 --- [workerManagers] [restartedMain] .s.d.r.c.RepositoryConfigurationDelegate : Bootstrapping Spring Data JPA repositories in DEFAULT mode.
2025-04-15T01:06:41.512+09:00  INFO 26228 --- [workerManagers] [restartedMain] .s.d.r.c.RepositoryConfigurationDelegate : Finished Spring Data repository scanning in 85 ms. Found 7 JPA repository interfaces.
2025-04-15T01:06:42.092+09:00  INFO 26228 --- [workerManagers] [restartedMain] o.s.b.w.embedded.tomcat.TomcatWebServer  : Tomcat initialized with port 8080 (http)
2025-04-15T01:06:42.103+09:00  INFO 26228 --- [workerManagers] [restartedMain] o.apache.catalina.core.StandardService   : Starting service [Tomcat]
2025-04-15T01:06:42.104+09:00  INFO 26228 --- [workerManagers] [restartedMain] o.apache.catalina.core.StandardEngine    : Starting Servlet engine: [Apache Tomcat/10.1.19]
2025-04-15T01:06:42.159+09:00  INFO 26228 --- [workerManagers] [restartedMain] o.a.c.c.C.[Tomcat].[localhost].[/]       : Initializing Spring embedded WebApplicationContext
2025-04-15T01:06:42.159+09:00  INFO 26228 --- [workerManagers] [restartedMain] w.s.c.ServletWebServerApplicationContext : Root WebApplicationContext: initialization completed in 1360 ms
2025-04-15T01:06:42.187+09:00  INFO 26228 --- [workerManagers] [restartedMain] com.zaxxer.hikari.HikariDataSource       : HikariPool-1 - Starting...
2025-04-15T01:06:42.461+09:00  INFO 26228 --- [workerManagers] [restartedMain] com.zaxxer.hikari.pool.HikariPool        : HikariPool-1 - Added connection com.mysql.cj.jdbc.ConnectionImpl@11db2654
2025-04-15T01:06:42.462+09:00  INFO 26228 --- [workerManagers] [restartedMain] com.zaxxer.hikari.HikariDataSource       : HikariPool-1 - Start completed.
2025-04-15T01:06:42.471+09:00  INFO 26228 --- [workerManagers] [restartedMain] o.s.b.a.h2.H2ConsoleAutoConfiguration    : H2 console available at '/h2-console'. Database available at 'jdbc:mysql://localhost:3306/workerManagers?createDatabaseIfNotExist=true&useUnicode=true&characterEncoding=utf8&serverTimezone=UTC'
2025-04-15T01:06:42.599+09:00  INFO 26228 --- [workerManagers] [restartedMain] o.hibernate.jpa.internal.util.LogHelper  : HHH000204: Processing PersistenceUnitInfo [name: default]
2025-04-15T01:06:42.657+09:00  INFO 26228 --- [workerManagers] [restartedMain] org.hibernate.Version                    : HHH000412: Hibernate ORM core version 6.4.4.Final
2025-04-15T01:06:42.701+09:00  INFO 26228 --- [workerManagers] [restartedMain] o.h.c.internal.RegionFactoryInitiator    : HHH000026: Second-level cache disabled
2025-04-15T01:06:42.964+09:00  INFO 26228 --- [workerManagers] [restartedMain] o.s.o.j.p.SpringPersistenceUnitInfo      : No LoadTimeWeaver setup: ignoring JPA class transformer
2025-04-15T01:06:43.027+09:00  WARN 26228 --- [workerManagers] [restartedMain] org.hibernate.orm.deprecation            : HHH90000025: MySQLDialect does not need to be specified explicitly using 'hibernate.dialect' (remove the property setting and it will be selected by default)
2025-04-15T01:06:43.857+09:00  INFO 26228 --- [workerManagers] [restartedMain] o.h.e.t.j.p.i.JtaPlatformInitiator       : HHH000489: No JTA platform available (set 'hibernate.transaction.jta.platform' to enable JTA platform integration)
2025-04-15T01:06:43.968+09:00  INFO 26228 --- [workerManagers] [restartedMain] j.LocalContainerEntityManagerFactoryBean : Initialized JPA EntityManagerFactory for persistence unit 'default'
2025-04-15T01:06:44.439+09:00  WARN 26228 --- [workerManagers] [restartedMain] JpaBaseConfiguration$JpaWebConfiguration : spring.jpa.open-in-view is enabled by default. Therefore, database queries may be performed during view rendering. Explicitly configure spring.jpa.open-in-view to disable this warning
2025-04-15T01:06:44.681+09:00  INFO 26228 --- [workerManagers] [restartedMain] o.s.s.web.DefaultSecurityFilterChain     : Will secure any request with [org.springframework.security.web.session.DisableEncodeUrlFilter@6341e176, org.springframework.security.web.context.request.async.WebAsyncManagerIntegrationFilter@cf2f45f, org.springframework.security.web.context.SecurityContextHolderFilter@18643a23, org.springframework.security.web.header.HeaderWriterFilter@2047c980, org.springframework.web.filter.CorsFilter@7fcd834a, org.springframework.security.web.authentication.logout.LogoutFilter@5b85c35, com.example.workerManagers.global.security.JwtAuthenticationFilter@396f9bc6, org.springframework.security.web.savedrequest.RequestCacheAwareFilter@7b9ef862, org.springframework.security.web.servletapi.SecurityContextHolderAwareRequestFilter@24e7eec2, org.springframework.security.web.authentication.AnonymousAuthenticationFilter@55c997cc, org.springframework.security.web.session.SessionManagementFilter@6d864c7f, org.springframework.security.web.access.ExceptionTranslationFilter@782d3240, org.springframework.security.web.access.intercept.AuthorizationFilter@48f4f514]
2025-04-15T01:06:44.855+09:00  INFO 26228 --- [workerManagers] [restartedMain] o.s.b.d.a.OptionalLiveReloadServer       : LiveReload server is running on port 35729
2025-04-15T01:06:44.886+09:00  INFO 26228 --- [workerManagers] [restartedMain] o.s.b.w.embedded.tomcat.TomcatWebServer  : Tomcat started on port 8080 (http) with context path ''
2025-04-15T01:06:44.892+09:00  INFO 26228 --- [workerManagers] [restartedMain] c.e.w.WorkerManagersApplication          : Started WorkerManagersApplication in 4.504 seconds (process running for 4.843)
2025-04-15T01:06:48.930+09:00  INFO 26228 --- [workerManagers] [http-nio-8080-exec-1] o.a.c.c.C.[Tomcat].[localhost].[/]       : Initializing Spring DispatcherServlet 'dispatcherServlet'
2025-04-15T01:06:48.930+09:00  INFO 26228 --- [workerManagers] [http-nio-8080-exec-1] o.s.web.servlet.DispatcherServlet        : Initializing Servlet 'dispatcherServlet'
2025-04-15T01:06:48.931+09:00  INFO 26228 --- [workerManagers] [http-nio-8080-exec-1] o.s.web.servlet.DispatcherServlet        : Completed initialization in 1 ms
2025-04-15T01:07:19.124+09:00  INFO 26228 --- [workerManagers] [http-nio-8080-exec-3] .e.w.d.i.s.IndustrialAccidentServiceImpl : 산업재해 생성을 시작합니다.
2025-04-15T01:07:19.171+09:00  INFO 26228 --- [workerManagers] [http-nio-8080-exec-3] .e.w.d.i.s.IndustrialAccidentServiceImpl : 산업재해가 성공적으로 생성되었습니다: ID=2
2025-04-15T01:13:23.615+09:00  INFO 23136 --- [workerManagers] [restartedMain] c.e.w.WorkerManagersApplication          : Starting WorkerManagersApplication using Java 17.0.13 with PID 23136 (C:\Users\rlaru\Desktop\workerManagers\BE\build\classes\java\main started by rlaru in C:\Users\rlaru\Desktop\workerManagers\BE)
2025-04-15T01:13:23.617+09:00  INFO 23136 --- [workerManagers] [restartedMain] c.e.w.WorkerManagersApplication          : No active profile set, falling back to 1 default profile: "default"
2025-04-15T01:13:23.656+09:00  INFO 23136 --- [workerManagers] [restartedMain] .e.DevToolsPropertyDefaultsPostProcessor : Devtools property defaults active! Set 'spring.devtools.add-properties' to 'false' to disable
2025-04-15T01:13:23.656+09:00  INFO 23136 --- [workerManagers] [restartedMain] .e.DevToolsPropertyDefaultsPostProcessor : For additional web related logging consider setting the 'logging.level.web' property to 'DEBUG'
2025-04-15T01:13:24.252+09:00  INFO 23136 --- [workerManagers] [restartedMain] .s.d.r.c.RepositoryConfigurationDelegate : Bootstrapping Spring Data JPA repositories in DEFAULT mode.
2025-04-15T01:13:24.349+09:00  INFO 23136 --- [workerManagers] [restartedMain] .s.d.r.c.RepositoryConfigurationDelegate : Finished Spring Data repository scanning in 85 ms. Found 7 JPA repository interfaces.
2025-04-15T01:13:24.886+09:00  INFO 23136 --- [workerManagers] [restartedMain] o.s.b.w.embedded.tomcat.TomcatWebServer  : Tomcat initialized with port 8080 (http)
2025-04-15T01:13:24.900+09:00  INFO 23136 --- [workerManagers] [restartedMain] o.apache.catalina.core.StandardService   : Starting service [Tomcat]
2025-04-15T01:13:24.901+09:00  INFO 23136 --- [workerManagers] [restartedMain] o.apache.catalina.core.StandardEngine    : Starting Servlet engine: [Apache Tomcat/10.1.19]
2025-04-15T01:13:24.949+09:00  INFO 23136 --- [workerManagers] [restartedMain] o.a.c.c.C.[Tomcat].[localhost].[/]       : Initializing Spring embedded WebApplicationContext
2025-04-15T01:13:24.949+09:00  INFO 23136 --- [workerManagers] [restartedMain] w.s.c.ServletWebServerApplicationContext : Root WebApplicationContext: initialization completed in 1292 ms
2025-04-15T01:13:24.976+09:00  INFO 23136 --- [workerManagers] [restartedMain] com.zaxxer.hikari.HikariDataSource       : HikariPool-1 - Starting...
2025-04-15T01:13:25.210+09:00  INFO 23136 --- [workerManagers] [restartedMain] com.zaxxer.hikari.pool.HikariPool        : HikariPool-1 - Added connection com.mysql.cj.jdbc.ConnectionImpl@51505e84
2025-04-15T01:13:25.212+09:00  INFO 23136 --- [workerManagers] [restartedMain] com.zaxxer.hikari.HikariDataSource       : HikariPool-1 - Start completed.
2025-04-15T01:13:25.219+09:00  INFO 23136 --- [workerManagers] [restartedMain] o.s.b.a.h2.H2ConsoleAutoConfiguration    : H2 console available at '/h2-console'. Database available at 'jdbc:mysql://localhost:3306/workerManagers?createDatabaseIfNotExist=true&useUnicode=true&characterEncoding=utf8&serverTimezone=UTC'
2025-04-15T01:13:25.324+09:00  INFO 23136 --- [workerManagers] [restartedMain] o.hibernate.jpa.internal.util.LogHelper  : HHH000204: Processing PersistenceUnitInfo [name: default]
2025-04-15T01:13:25.389+09:00  INFO 23136 --- [workerManagers] [restartedMain] org.hibernate.Version                    : HHH000412: Hibernate ORM core version 6.4.4.Final
2025-04-15T01:13:25.427+09:00  INFO 23136 --- [workerManagers] [restartedMain] o.h.c.internal.RegionFactoryInitiator    : HHH000026: Second-level cache disabled
2025-04-15T01:13:25.652+09:00  INFO 23136 --- [workerManagers] [restartedMain] o.s.o.j.p.SpringPersistenceUnitInfo      : No LoadTimeWeaver setup: ignoring JPA class transformer
2025-04-15T01:13:25.719+09:00  WARN 23136 --- [workerManagers] [restartedMain] org.hibernate.orm.deprecation            : HHH90000025: MySQLDialect does not need to be specified explicitly using 'hibernate.dialect' (remove the property setting and it will be selected by default)
2025-04-15T01:13:26.533+09:00  INFO 23136 --- [workerManagers] [restartedMain] o.h.e.t.j.p.i.JtaPlatformInitiator       : HHH000489: No JTA platform available (set 'hibernate.transaction.jta.platform' to enable JTA platform integration)
2025-04-15T01:13:26.630+09:00  INFO 23136 --- [workerManagers] [restartedMain] j.LocalContainerEntityManagerFactoryBean : Initialized JPA EntityManagerFactory for persistence unit 'default'
2025-04-15T01:13:27.089+09:00  WARN 23136 --- [workerManagers] [restartedMain] JpaBaseConfiguration$JpaWebConfiguration : spring.jpa.open-in-view is enabled by default. Therefore, database queries may be performed during view rendering. Explicitly configure spring.jpa.open-in-view to disable this warning
2025-04-15T01:13:27.312+09:00  INFO 23136 --- [workerManagers] [restartedMain] o.s.s.web.DefaultSecurityFilterChain     : Will secure any request with [org.springframework.security.web.session.DisableEncodeUrlFilter@32c1be11, org.springframework.security.web.context.request.async.WebAsyncManagerIntegrationFilter@3c106a6e, org.springframework.security.web.context.SecurityContextHolderFilter@790f00fd, org.springframework.security.web.header.HeaderWriterFilter@208e06fa, org.springframework.web.filter.CorsFilter@5fdb330d, org.springframework.security.web.authentication.logout.LogoutFilter@3b19c8e4, com.example.workerManagers.global.security.JwtAuthenticationFilter@7b53e861, org.springframework.security.web.savedrequest.RequestCacheAwareFilter@7ae1e02, org.springframework.security.web.servletapi.SecurityContextHolderAwareRequestFilter@131bbc05, org.springframework.security.web.authentication.AnonymousAuthenticationFilter@445df02c, org.springframework.security.web.session.SessionManagementFilter@3e9df462, org.springframework.security.web.access.ExceptionTranslationFilter@5b8b7844, org.springframework.security.web.access.intercept.AuthorizationFilter@18b2ddaa]
2025-04-15T01:13:27.495+09:00  INFO 23136 --- [workerManagers] [restartedMain] o.s.b.d.a.OptionalLiveReloadServer       : LiveReload server is running on port 35729
2025-04-15T01:13:27.527+09:00  INFO 23136 --- [workerManagers] [restartedMain] o.s.b.w.embedded.tomcat.TomcatWebServer  : Tomcat started on port 8080 (http) with context path ''
2025-04-15T01:13:27.535+09:00  INFO 23136 --- [workerManagers] [restartedMain] c.e.w.WorkerManagersApplication          : Started WorkerManagersApplication in 4.29 seconds (process running for 4.632)
2025-04-15T01:13:30.790+09:00  INFO 23136 --- [workerManagers] [http-nio-8080-exec-2] o.a.c.c.C.[Tomcat].[localhost].[/]       : Initializing Spring DispatcherServlet 'dispatcherServlet'
2025-04-15T01:13:30.790+09:00  INFO 23136 --- [workerManagers] [http-nio-8080-exec-2] o.s.web.servlet.DispatcherServlet        : Initializing Servlet 'dispatcherServlet'
2025-04-15T01:13:30.791+09:00  INFO 23136 --- [workerManagers] [http-nio-8080-exec-2] o.s.web.servlet.DispatcherServlet        : Completed initialization in 1 ms
2025-04-15T01:14:29.092+09:00  INFO 15684 --- [workerManagers] [restartedMain] c.e.w.WorkerManagersApplication          : Starting WorkerManagersApplication using Java 17.0.13 with PID 15684 (C:\Users\rlaru\Desktop\workerManagers\BE\build\classes\java\main started by rlaru in C:\Users\rlaru\Desktop\workerManagers\BE)
2025-04-15T01:14:29.094+09:00  INFO 15684 --- [workerManagers] [restartedMain] c.e.w.WorkerManagersApplication          : No active profile set, falling back to 1 default profile: "default"
2025-04-15T01:14:29.133+09:00  INFO 15684 --- [workerManagers] [restartedMain] .e.DevToolsPropertyDefaultsPostProcessor : Devtools property defaults active! Set 'spring.devtools.add-properties' to 'false' to disable
2025-04-15T01:14:29.133+09:00  INFO 15684 --- [workerManagers] [restartedMain] .e.DevToolsPropertyDefaultsPostProcessor : For additional web related logging consider setting the 'logging.level.web' property to 'DEBUG'
2025-04-15T01:14:29.783+09:00  INFO 15684 --- [workerManagers] [restartedMain] .s.d.r.c.RepositoryConfigurationDelegate : Bootstrapping Spring Data JPA repositories in DEFAULT mode.
2025-04-15T01:14:29.888+09:00  INFO 15684 --- [workerManagers] [restartedMain] .s.d.r.c.RepositoryConfigurationDelegate : Finished Spring Data repository scanning in 93 ms. Found 7 JPA repository interfaces.
2025-04-15T01:14:30.516+09:00  INFO 15684 --- [workerManagers] [restartedMain] o.s.b.w.embedded.tomcat.TomcatWebServer  : Tomcat initialized with port 8080 (http)
2025-04-15T01:14:30.526+09:00  INFO 15684 --- [workerManagers] [restartedMain] o.apache.catalina.core.StandardService   : Starting service [Tomcat]
2025-04-15T01:14:30.528+09:00  INFO 15684 --- [workerManagers] [restartedMain] o.apache.catalina.core.StandardEngine    : Starting Servlet engine: [Apache Tomcat/10.1.19]
2025-04-15T01:14:30.578+09:00  INFO 15684 --- [workerManagers] [restartedMain] o.a.c.c.C.[Tomcat].[localhost].[/]       : Initializing Spring embedded WebApplicationContext
2025-04-15T01:14:30.578+09:00  INFO 15684 --- [workerManagers] [restartedMain] w.s.c.ServletWebServerApplicationContext : Root WebApplicationContext: initialization completed in 1445 ms
2025-04-15T01:14:30.603+09:00  INFO 15684 --- [workerManagers] [restartedMain] com.zaxxer.hikari.HikariDataSource       : HikariPool-1 - Starting...
2025-04-15T01:14:30.840+09:00  INFO 15684 --- [workerManagers] [restartedMain] com.zaxxer.hikari.pool.HikariPool        : HikariPool-1 - Added connection com.mysql.cj.jdbc.ConnectionImpl@3c04c3df
2025-04-15T01:14:30.841+09:00  INFO 15684 --- [workerManagers] [restartedMain] com.zaxxer.hikari.HikariDataSource       : HikariPool-1 - Start completed.
2025-04-15T01:14:30.848+09:00  INFO 15684 --- [workerManagers] [restartedMain] o.s.b.a.h2.H2ConsoleAutoConfiguration    : H2 console available at '/h2-console'. Database available at 'jdbc:mysql://localhost:3306/workerManagers?createDatabaseIfNotExist=true&useUnicode=true&characterEncoding=utf8&serverTimezone=UTC'
2025-04-15T01:14:30.968+09:00  INFO 15684 --- [workerManagers] [restartedMain] o.hibernate.jpa.internal.util.LogHelper  : HHH000204: Processing PersistenceUnitInfo [name: default]
2025-04-15T01:14:31.031+09:00  INFO 15684 --- [workerManagers] [restartedMain] org.hibernate.Version                    : HHH000412: Hibernate ORM core version 6.4.4.Final
2025-04-15T01:14:31.064+09:00  INFO 15684 --- [workerManagers] [restartedMain] o.h.c.internal.RegionFactoryInitiator    : HHH000026: Second-level cache disabled
2025-04-15T01:14:31.313+09:00  INFO 15684 --- [workerManagers] [restartedMain] o.s.o.j.p.SpringPersistenceUnitInfo      : No LoadTimeWeaver setup: ignoring JPA class transformer
2025-04-15T01:14:31.378+09:00  WARN 15684 --- [workerManagers] [restartedMain] org.hibernate.orm.deprecation            : HHH90000025: MySQLDialect does not need to be specified explicitly using 'hibernate.dialect' (remove the property setting and it will be selected by default)
2025-04-15T01:14:32.171+09:00  INFO 15684 --- [workerManagers] [restartedMain] o.h.e.t.j.p.i.JtaPlatformInitiator       : HHH000489: No JTA platform available (set 'hibernate.transaction.jta.platform' to enable JTA platform integration)
2025-04-15T01:14:32.274+09:00  INFO 15684 --- [workerManagers] [restartedMain] j.LocalContainerEntityManagerFactoryBean : Initialized JPA EntityManagerFactory for persistence unit 'default'
2025-04-15T01:14:32.751+09:00  WARN 15684 --- [workerManagers] [restartedMain] JpaBaseConfiguration$JpaWebConfiguration : spring.jpa.open-in-view is enabled by default. Therefore, database queries may be performed during view rendering. Explicitly configure spring.jpa.open-in-view to disable this warning
2025-04-15T01:14:32.963+09:00  INFO 15684 --- [workerManagers] [restartedMain] o.s.s.web.DefaultSecurityFilterChain     : Will secure any request with [org.springframework.security.web.session.DisableEncodeUrlFilter@28e81815, org.springframework.security.web.context.request.async.WebAsyncManagerIntegrationFilter@2c73054d, org.springframework.security.web.context.SecurityContextHolderFilter@33bb5c14, org.springframework.security.web.header.HeaderWriterFilter@3fa1d4c6, org.springframework.web.filter.CorsFilter@3b19c8e4, org.springframework.security.web.authentication.logout.LogoutFilter@3173622d, com.example.workerManagers.global.security.JwtAuthenticationFilter@61f2e52e, org.springframework.security.web.savedrequest.RequestCacheAwareFilter@7e3ebbde, org.springframework.security.web.servletapi.SecurityContextHolderAwareRequestFilter@2e57cb35, org.springframework.security.web.authentication.AnonymousAuthenticationFilter@9b271b5, org.springframework.security.web.session.SessionManagementFilter@5b8b7844, org.springframework.security.web.access.ExceptionTranslationFilter@5bcc347b, org.springframework.security.web.access.intercept.AuthorizationFilter@2ca51742]
2025-04-15T01:14:33.178+09:00  INFO 15684 --- [workerManagers] [restartedMain] o.s.b.d.a.OptionalLiveReloadServer       : LiveReload server is running on port 35729
2025-04-15T01:14:33.205+09:00  INFO 15684 --- [workerManagers] [restartedMain] o.s.b.w.embedded.tomcat.TomcatWebServer  : Tomcat started on port 8080 (http) with context path ''
2025-04-15T01:14:33.212+09:00  INFO 15684 --- [workerManagers] [restartedMain] c.e.w.WorkerManagersApplication          : Started WorkerManagersApplication in 4.486 seconds (process running for 4.824)
2025-04-15T01:14:38.586+09:00  INFO 15684 --- [workerManagers] [http-nio-8080-exec-2] o.a.c.c.C.[Tomcat].[localhost].[/]       : Initializing Spring DispatcherServlet 'dispatcherServlet'
2025-04-15T01:14:38.586+09:00  INFO 15684 --- [workerManagers] [http-nio-8080-exec-2] o.s.web.servlet.DispatcherServlet        : Initializing Servlet 'dispatcherServlet'
2025-04-15T01:14:38.587+09:00  INFO 15684 --- [workerManagers] [http-nio-8080-exec-2] o.s.web.servlet.DispatcherServlet        : Completed initialization in 1 ms
2025-04-15T01:18:24.819+09:00  INFO 14160 --- [workerManagers] [restartedMain] c.e.w.WorkerManagersApplication          : Starting WorkerManagersApplication using Java 17.0.13 with PID 14160 (C:\Users\rlaru\Desktop\workerManagers\BE\build\classes\java\main started by rlaru in C:\Users\rlaru\Desktop\workerManagers\BE)
2025-04-15T01:18:24.821+09:00  INFO 14160 --- [workerManagers] [restartedMain] c.e.w.WorkerManagersApplication          : No active profile set, falling back to 1 default profile: "default"
2025-04-15T01:18:24.857+09:00  INFO 14160 --- [workerManagers] [restartedMain] .e.DevToolsPropertyDefaultsPostProcessor : Devtools property defaults active! Set 'spring.devtools.add-properties' to 'false' to disable
2025-04-15T01:18:24.857+09:00  INFO 14160 --- [workerManagers] [restartedMain] .e.DevToolsPropertyDefaultsPostProcessor : For additional web related logging consider setting the 'logging.level.web' property to 'DEBUG'
2025-04-15T01:18:25.473+09:00  INFO 14160 --- [workerManagers] [restartedMain] .s.d.r.c.RepositoryConfigurationDelegate : Bootstrapping Spring Data JPA repositories in DEFAULT mode.
2025-04-15T01:18:25.562+09:00  INFO 14160 --- [workerManagers] [restartedMain] .s.d.r.c.RepositoryConfigurationDelegate : Finished Spring Data repository scanning in 80 ms. Found 7 JPA repository interfaces.
2025-04-15T01:18:26.084+09:00  INFO 14160 --- [workerManagers] [restartedMain] o.s.b.w.embedded.tomcat.TomcatWebServer  : Tomcat initialized with port 8080 (http)
2025-04-15T01:18:26.094+09:00  INFO 14160 --- [workerManagers] [restartedMain] o.apache.catalina.core.StandardService   : Starting service [Tomcat]
2025-04-15T01:18:26.094+09:00  INFO 14160 --- [workerManagers] [restartedMain] o.apache.catalina.core.StandardEngine    : Starting Servlet engine: [Apache Tomcat/10.1.19]
2025-04-15T01:18:26.139+09:00  INFO 14160 --- [workerManagers] [restartedMain] o.a.c.c.C.[Tomcat].[localhost].[/]       : Initializing Spring embedded WebApplicationContext
2025-04-15T01:18:26.139+09:00  INFO 14160 --- [workerManagers] [restartedMain] w.s.c.ServletWebServerApplicationContext : Root WebApplicationContext: initialization completed in 1281 ms
2025-04-15T01:18:26.165+09:00  INFO 14160 --- [workerManagers] [restartedMain] com.zaxxer.hikari.HikariDataSource       : HikariPool-1 - Starting...
2025-04-15T01:18:26.438+09:00  INFO 14160 --- [workerManagers] [restartedMain] com.zaxxer.hikari.pool.HikariPool        : HikariPool-1 - Added connection com.mysql.cj.jdbc.ConnectionImpl@2e7871fc
2025-04-15T01:18:26.440+09:00  INFO 14160 --- [workerManagers] [restartedMain] com.zaxxer.hikari.HikariDataSource       : HikariPool-1 - Start completed.
2025-04-15T01:18:26.446+09:00  INFO 14160 --- [workerManagers] [restartedMain] o.s.b.a.h2.H2ConsoleAutoConfiguration    : H2 console available at '/h2-console'. Database available at 'jdbc:mysql://localhost:3306/workerManagers?createDatabaseIfNotExist=true&useUnicode=true&characterEncoding=utf8&serverTimezone=UTC'
2025-04-15T01:18:26.559+09:00  INFO 14160 --- [workerManagers] [restartedMain] o.hibernate.jpa.internal.util.LogHelper  : HHH000204: Processing PersistenceUnitInfo [name: default]
2025-04-15T01:18:26.615+09:00  INFO 14160 --- [workerManagers] [restartedMain] org.hibernate.Version                    : HHH000412: Hibernate ORM core version 6.4.4.Final
2025-04-15T01:18:26.656+09:00  INFO 14160 --- [workerManagers] [restartedMain] o.h.c.internal.RegionFactoryInitiator    : HHH000026: Second-level cache disabled
2025-04-15T01:18:26.881+09:00  INFO 14160 --- [workerManagers] [restartedMain] o.s.o.j.p.SpringPersistenceUnitInfo      : No LoadTimeWeaver setup: ignoring JPA class transformer
2025-04-15T01:18:26.946+09:00  WARN 14160 --- [workerManagers] [restartedMain] org.hibernate.orm.deprecation            : HHH90000025: MySQLDialect does not need to be specified explicitly using 'hibernate.dialect' (remove the property setting and it will be selected by default)
2025-04-15T01:18:27.742+09:00  INFO 14160 --- [workerManagers] [restartedMain] o.h.e.t.j.p.i.JtaPlatformInitiator       : HHH000489: No JTA platform available (set 'hibernate.transaction.jta.platform' to enable JTA platform integration)
2025-04-15T01:18:27.835+09:00  INFO 14160 --- [workerManagers] [restartedMain] j.LocalContainerEntityManagerFactoryBean : Initialized JPA EntityManagerFactory for persistence unit 'default'
2025-04-15T01:18:28.271+09:00  WARN 14160 --- [workerManagers] [restartedMain] JpaBaseConfiguration$JpaWebConfiguration : spring.jpa.open-in-view is enabled by default. Therefore, database queries may be performed during view rendering. Explicitly configure spring.jpa.open-in-view to disable this warning
2025-04-15T01:18:28.490+09:00  INFO 14160 --- [workerManagers] [restartedMain] o.s.s.web.DefaultSecurityFilterChain     : Will secure any request with [org.springframework.security.web.session.DisableEncodeUrlFilter@8f36f52, org.springframework.security.web.context.request.async.WebAsyncManagerIntegrationFilter@2ddb3034, org.springframework.security.web.context.SecurityContextHolderFilter@50689ba5, org.springframework.security.web.header.HeaderWriterFilter@2e6563ad, org.springframework.web.filter.CorsFilter@4bd477f4, org.springframework.security.web.authentication.logout.LogoutFilter@5417bf06, com.example.workerManagers.global.security.JwtAuthenticationFilter@104e5ad0, org.springframework.security.web.savedrequest.RequestCacheAwareFilter@78176c96, org.springframework.security.web.servletapi.SecurityContextHolderAwareRequestFilter@306a5191, org.springframework.security.web.authentication.AnonymousAuthenticationFilter@3543e74, org.springframework.security.web.session.SessionManagementFilter@35a70510, org.springframework.security.web.access.ExceptionTranslationFilter@6cf77c6f, org.springframework.security.web.access.intercept.AuthorizationFilter@5540b2b]
2025-04-15T01:18:28.666+09:00  INFO 14160 --- [workerManagers] [restartedMain] o.s.b.d.a.OptionalLiveReloadServer       : LiveReload server is running on port 35729
2025-04-15T01:18:28.696+09:00  INFO 14160 --- [workerManagers] [restartedMain] o.s.b.w.embedded.tomcat.TomcatWebServer  : Tomcat started on port 8080 (http) with context path ''
2025-04-15T01:18:28.705+09:00  INFO 14160 --- [workerManagers] [restartedMain] c.e.w.WorkerManagersApplication          : Started WorkerManagersApplication in 4.25 seconds (process running for 4.587)
2025-04-15T01:18:37.263+09:00  INFO 14160 --- [workerManagers] [http-nio-8080-exec-2] o.a.c.c.C.[Tomcat].[localhost].[/]       : Initializing Spring DispatcherServlet 'dispatcherServlet'
2025-04-15T01:18:37.263+09:00  INFO 14160 --- [workerManagers] [http-nio-8080-exec-2] o.s.web.servlet.DispatcherServlet        : Initializing Servlet 'dispatcherServlet'
2025-04-15T01:18:37.264+09:00  INFO 14160 --- [workerManagers] [http-nio-8080-exec-2] o.s.web.servlet.DispatcherServlet        : Completed initialization in 1 ms
2025-04-15T01:21:27.245+09:00  WARN 14160 --- [workerManagers] [http-nio-8080-exec-8] .w.s.m.s.DefaultHandlerExceptionResolver : Resolved [org.springframework.web.method.annotation.MethodArgumentTypeMismatchException: Failed to convert value of type 'java.lang.String' to required type 'java.lang.Long'; For input string: "search"]
2025-04-15T01:21:31.425+09:00  WARN 14160 --- [workerManagers] [http-nio-8080-exec-3] .w.s.m.s.DefaultHandlerExceptionResolver : Resolved [org.springframework.web.method.annotation.MethodArgumentTypeMismatchException: Failed to convert value of type 'java.lang.String' to required type 'java.lang.Long'; For input string: "search"]
2025-04-15T01:21:46.556+09:00  WARN 14160 --- [workerManagers] [http-nio-8080-exec-8] .w.s.m.s.DefaultHandlerExceptionResolver : Resolved [org.springframework.web.method.annotation.MethodArgumentTypeMismatchException: Failed to convert value of type 'java.lang.String' to required type 'java.lang.Long'; For input string: "search"]
2025-04-15T01:29:04.315+09:00  INFO 25316 --- [workerManagers] [restartedMain] c.e.w.WorkerManagersApplication          : Starting WorkerManagersApplication using Java 17.0.13 with PID 25316 (C:\Users\rlaru\Desktop\workerManagers\BE\build\classes\java\main started by rlaru in C:\Users\rlaru\Desktop\workerManagers\BE)
2025-04-15T01:29:04.317+09:00  INFO 25316 --- [workerManagers] [restartedMain] c.e.w.WorkerManagersApplication          : No active profile set, falling back to 1 default profile: "default"
2025-04-15T01:29:04.353+09:00  INFO 25316 --- [workerManagers] [restartedMain] .e.DevToolsPropertyDefaultsPostProcessor : Devtools property defaults active! Set 'spring.devtools.add-properties' to 'false' to disable
2025-04-15T01:29:04.353+09:00  INFO 25316 --- [workerManagers] [restartedMain] .e.DevToolsPropertyDefaultsPostProcessor : For additional web related logging consider setting the 'logging.level.web' property to 'DEBUG'
2025-04-15T01:29:04.997+09:00  INFO 25316 --- [workerManagers] [restartedMain] .s.d.r.c.RepositoryConfigurationDelegate : Bootstrapping Spring Data JPA repositories in DEFAULT mode.
2025-04-15T01:29:05.101+09:00  INFO 25316 --- [workerManagers] [restartedMain] .s.d.r.c.RepositoryConfigurationDelegate : Finished Spring Data repository scanning in 94 ms. Found 7 JPA repository interfaces.
2025-04-15T01:29:05.677+09:00  INFO 25316 --- [workerManagers] [restartedMain] o.s.b.w.embedded.tomcat.TomcatWebServer  : Tomcat initialized with port 8080 (http)
2025-04-15T01:29:05.686+09:00  INFO 25316 --- [workerManagers] [restartedMain] o.apache.catalina.core.StandardService   : Starting service [Tomcat]
2025-04-15T01:29:05.686+09:00  INFO 25316 --- [workerManagers] [restartedMain] o.apache.catalina.core.StandardEngine    : Starting Servlet engine: [Apache Tomcat/10.1.19]
2025-04-15T01:29:05.734+09:00  INFO 25316 --- [workerManagers] [restartedMain] o.a.c.c.C.[Tomcat].[localhost].[/]       : Initializing Spring embedded WebApplicationContext
2025-04-15T01:29:05.735+09:00  INFO 25316 --- [workerManagers] [restartedMain] w.s.c.ServletWebServerApplicationContext : Root WebApplicationContext: initialization completed in 1381 ms
2025-04-15T01:29:05.762+09:00  INFO 25316 --- [workerManagers] [restartedMain] com.zaxxer.hikari.HikariDataSource       : HikariPool-1 - Starting...
2025-04-15T01:29:06.013+09:00  INFO 25316 --- [workerManagers] [restartedMain] com.zaxxer.hikari.pool.HikariPool        : HikariPool-1 - Added connection com.mysql.cj.jdbc.ConnectionImpl@480aac6b
2025-04-15T01:29:06.015+09:00  INFO 25316 --- [workerManagers] [restartedMain] com.zaxxer.hikari.HikariDataSource       : HikariPool-1 - Start completed.
2025-04-15T01:29:06.022+09:00  INFO 25316 --- [workerManagers] [restartedMain] o.s.b.a.h2.H2ConsoleAutoConfiguration    : H2 console available at '/h2-console'. Database available at 'jdbc:mysql://localhost:3306/workerManagers?createDatabaseIfNotExist=true&useUnicode=true&characterEncoding=utf8&serverTimezone=UTC'
2025-04-15T01:29:06.138+09:00  INFO 25316 --- [workerManagers] [restartedMain] o.hibernate.jpa.internal.util.LogHelper  : HHH000204: Processing PersistenceUnitInfo [name: default]
2025-04-15T01:29:06.204+09:00  INFO 25316 --- [workerManagers] [restartedMain] org.hibernate.Version                    : HHH000412: Hibernate ORM core version 6.4.4.Final
2025-04-15T01:29:06.248+09:00  INFO 25316 --- [workerManagers] [restartedMain] o.h.c.internal.RegionFactoryInitiator    : HHH000026: Second-level cache disabled
2025-04-15T01:29:06.488+09:00  INFO 25316 --- [workerManagers] [restartedMain] o.s.o.j.p.SpringPersistenceUnitInfo      : No LoadTimeWeaver setup: ignoring JPA class transformer
2025-04-15T01:29:06.555+09:00  WARN 25316 --- [workerManagers] [restartedMain] org.hibernate.orm.deprecation            : HHH90000025: MySQLDialect does not need to be specified explicitly using 'hibernate.dialect' (remove the property setting and it will be selected by default)
2025-04-15T01:29:07.353+09:00  INFO 25316 --- [workerManagers] [restartedMain] o.h.e.t.j.p.i.JtaPlatformInitiator       : HHH000489: No JTA platform available (set 'hibernate.transaction.jta.platform' to enable JTA platform integration)
2025-04-15T01:29:07.448+09:00  INFO 25316 --- [workerManagers] [restartedMain] j.LocalContainerEntityManagerFactoryBean : Initialized JPA EntityManagerFactory for persistence unit 'default'
2025-04-15T01:29:07.911+09:00  WARN 25316 --- [workerManagers] [restartedMain] JpaBaseConfiguration$JpaWebConfiguration : spring.jpa.open-in-view is enabled by default. Therefore, database queries may be performed during view rendering. Explicitly configure spring.jpa.open-in-view to disable this warning
2025-04-15T01:29:08.149+09:00  INFO 25316 --- [workerManagers] [restartedMain] o.s.s.web.DefaultSecurityFilterChain     : Will secure any request with [org.springframework.security.web.session.DisableEncodeUrlFilter@4f3c5708, org.springframework.security.web.context.request.async.WebAsyncManagerIntegrationFilter@21da3f5f, org.springframework.security.web.context.SecurityContextHolderFilter@14514c9c, org.springframework.security.web.header.HeaderWriterFilter@73f78e79, org.springframework.web.filter.CorsFilter@149b26aa, org.springframework.security.web.authentication.logout.LogoutFilter@4473c958, com.example.workerManagers.global.security.JwtAuthenticationFilter@df672c3, org.springframework.security.web.savedrequest.RequestCacheAwareFilter@4438b724, org.springframework.security.web.servletapi.SecurityContextHolderAwareRequestFilter@1d2712a3, org.springframework.security.web.authentication.AnonymousAuthenticationFilter@205ff062, org.springframework.security.web.session.SessionManagementFilter@72fc5a3a, org.springframework.security.web.access.ExceptionTranslationFilter@17354f9a, org.springframework.security.web.access.intercept.AuthorizationFilter@5f8631c9]
2025-04-15T01:29:08.319+09:00  INFO 25316 --- [workerManagers] [restartedMain] o.s.b.d.a.OptionalLiveReloadServer       : LiveReload server is running on port 35729
2025-04-15T01:29:08.348+09:00  INFO 25316 --- [workerManagers] [restartedMain] o.s.b.w.embedded.tomcat.TomcatWebServer  : Tomcat started on port 8080 (http) with context path ''
2025-04-15T01:29:08.356+09:00  INFO 25316 --- [workerManagers] [restartedMain] c.e.w.WorkerManagersApplication          : Started WorkerManagersApplication in 4.436 seconds (process running for 4.777)
2025-04-15T02:05:27.833+09:00  INFO 30032 --- [workerManagers] [restartedMain] c.e.w.WorkerManagersApplication          : Starting WorkerManagersApplication using Java 17.0.13 with PID 30032 (C:\Users\rlaru\Desktop\workerManagers\BE\build\classes\java\main started by rlaru in C:\Users\rlaru\Desktop\workerManagers\BE)
2025-04-15T02:05:27.834+09:00  INFO 30032 --- [workerManagers] [restartedMain] c.e.w.WorkerManagersApplication          : No active profile set, falling back to 1 default profile: "default"
2025-04-15T02:05:27.868+09:00  INFO 30032 --- [workerManagers] [restartedMain] .e.DevToolsPropertyDefaultsPostProcessor : Devtools property defaults active! Set 'spring.devtools.add-properties' to 'false' to disable
2025-04-15T02:05:27.868+09:00  INFO 30032 --- [workerManagers] [restartedMain] .e.DevToolsPropertyDefaultsPostProcessor : For additional web related logging consider setting the 'logging.level.web' property to 'DEBUG'
2025-04-15T02:05:28.486+09:00  INFO 30032 --- [workerManagers] [restartedMain] .s.d.r.c.RepositoryConfigurationDelegate : Bootstrapping Spring Data JPA repositories in DEFAULT mode.
2025-04-15T02:05:28.574+09:00  INFO 30032 --- [workerManagers] [restartedMain] .s.d.r.c.RepositoryConfigurationDelegate : Finished Spring Data repository scanning in 82 ms. Found 7 JPA repository interfaces.
2025-04-15T02:05:29.119+09:00  INFO 30032 --- [workerManagers] [restartedMain] o.s.b.w.embedded.tomcat.TomcatWebServer  : Tomcat initialized with port 8080 (http)
2025-04-15T02:05:29.131+09:00  INFO 30032 --- [workerManagers] [restartedMain] o.apache.catalina.core.StandardService   : Starting service [Tomcat]
2025-04-15T02:05:29.131+09:00  INFO 30032 --- [workerManagers] [restartedMain] o.apache.catalina.core.StandardEngine    : Starting Servlet engine: [Apache Tomcat/10.1.19]
2025-04-15T02:05:29.180+09:00  INFO 30032 --- [workerManagers] [restartedMain] o.a.c.c.C.[Tomcat].[localhost].[/]       : Initializing Spring embedded WebApplicationContext
2025-04-15T02:05:29.180+09:00  INFO 30032 --- [workerManagers] [restartedMain] w.s.c.ServletWebServerApplicationContext : Root WebApplicationContext: initialization completed in 1312 ms
2025-04-15T02:05:29.208+09:00  INFO 30032 --- [workerManagers] [restartedMain] com.zaxxer.hikari.HikariDataSource       : HikariPool-1 - Starting...
2025-04-15T02:05:29.483+09:00  INFO 30032 --- [workerManagers] [restartedMain] com.zaxxer.hikari.pool.HikariPool        : HikariPool-1 - Added connection com.mysql.cj.jdbc.ConnectionImpl@700af0c5
2025-04-15T02:05:29.485+09:00  INFO 30032 --- [workerManagers] [restartedMain] com.zaxxer.hikari.HikariDataSource       : HikariPool-1 - Start completed.
2025-04-15T02:05:29.493+09:00  INFO 30032 --- [workerManagers] [restartedMain] o.s.b.a.h2.H2ConsoleAutoConfiguration    : H2 console available at '/h2-console'. Database available at 'jdbc:mysql://localhost:3306/workerManagers?createDatabaseIfNotExist=true&useUnicode=true&characterEncoding=utf8&serverTimezone=UTC'
2025-04-15T02:05:29.608+09:00  INFO 30032 --- [workerManagers] [restartedMain] o.hibernate.jpa.internal.util.LogHelper  : HHH000204: Processing PersistenceUnitInfo [name: default]
2025-04-15T02:05:29.675+09:00  INFO 30032 --- [workerManagers] [restartedMain] org.hibernate.Version                    : HHH000412: Hibernate ORM core version 6.4.4.Final
2025-04-15T02:05:29.708+09:00  INFO 30032 --- [workerManagers] [restartedMain] o.h.c.internal.RegionFactoryInitiator    : HHH000026: Second-level cache disabled
2025-04-15T02:05:29.948+09:00  INFO 30032 --- [workerManagers] [restartedMain] o.s.o.j.p.SpringPersistenceUnitInfo      : No LoadTimeWeaver setup: ignoring JPA class transformer
2025-04-15T02:05:30.007+09:00  WARN 30032 --- [workerManagers] [restartedMain] org.hibernate.orm.deprecation            : HHH90000025: MySQLDialect does not need to be specified explicitly using 'hibernate.dialect' (remove the property setting and it will be selected by default)
2025-04-15T02:05:30.833+09:00  INFO 30032 --- [workerManagers] [restartedMain] o.h.e.t.j.p.i.JtaPlatformInitiator       : HHH000489: No JTA platform available (set 'hibernate.transaction.jta.platform' to enable JTA platform integration)
2025-04-15T02:05:30.932+09:00  INFO 30032 --- [workerManagers] [restartedMain] j.LocalContainerEntityManagerFactoryBean : Initialized JPA EntityManagerFactory for persistence unit 'default'
2025-04-15T02:05:31.410+09:00  WARN 30032 --- [workerManagers] [restartedMain] JpaBaseConfiguration$JpaWebConfiguration : spring.jpa.open-in-view is enabled by default. Therefore, database queries may be performed during view rendering. Explicitly configure spring.jpa.open-in-view to disable this warning
2025-04-15T02:05:31.631+09:00  INFO 30032 --- [workerManagers] [restartedMain] o.s.s.web.DefaultSecurityFilterChain     : Will secure any request with [org.springframework.security.web.session.DisableEncodeUrlFilter@a8d420f, org.springframework.security.web.context.request.async.WebAsyncManagerIntegrationFilter@dc4e2fe, org.springframework.security.web.context.SecurityContextHolderFilter@6a8e3e94, org.springframework.security.web.header.HeaderWriterFilter@1deb6d5f, org.springframework.web.filter.CorsFilter@7e3f875f, org.springframework.security.web.authentication.logout.LogoutFilter@18b2ddaa, com.example.workerManagers.global.security.JwtAuthenticationFilter@707734f0, org.springframework.security.web.savedrequest.RequestCacheAwareFilter@61a40049, org.springframework.security.web.servletapi.SecurityContextHolderAwareRequestFilter@635efccf, org.springframework.security.web.authentication.AnonymousAuthenticationFilter@108a9dcb, org.springframework.security.web.session.SessionManagementFilter@68093957, org.springframework.security.web.access.ExceptionTranslationFilter@7b9ef862, org.springframework.security.web.access.intercept.AuthorizationFilter@77017cf]
2025-04-15T02:05:31.796+09:00  INFO 30032 --- [workerManagers] [restartedMain] o.s.b.d.a.OptionalLiveReloadServer       : LiveReload server is running on port 35729
2025-04-15T02:05:31.825+09:00  INFO 30032 --- [workerManagers] [restartedMain] o.s.b.w.embedded.tomcat.TomcatWebServer  : Tomcat started on port 8080 (http) with context path ''
2025-04-15T02:05:31.832+09:00  INFO 30032 --- [workerManagers] [restartedMain] c.e.w.WorkerManagersApplication          : Started WorkerManagersApplication in 4.368 seconds (process running for 4.767)
2025-04-15T02:07:05.336+09:00  INFO 30032 --- [workerManagers] [http-nio-8080-exec-1] o.a.c.c.C.[Tomcat].[localhost].[/]       : Initializing Spring DispatcherServlet 'dispatcherServlet'
2025-04-15T02:07:05.336+09:00  INFO 30032 --- [workerManagers] [http-nio-8080-exec-1] o.s.web.servlet.DispatcherServlet        : Initializing Servlet 'dispatcherServlet'
2025-04-15T02:07:05.337+09:00  INFO 30032 --- [workerManagers] [http-nio-8080-exec-1] o.s.web.servlet.DispatcherServlet        : Completed initialization in 1 ms
2025-04-15T02:11:25.726+09:00  WARN 30032 --- [workerManagers] [http-nio-8080-exec-3] .w.s.m.s.DefaultHandlerExceptionResolver : Resolved [org.springframework.http.converter.HttpMessageNotReadableException: JSON parse error: Cannot deserialize value of type `java.time.LocalDateTime` from String "2025-04-16": Failed to deserialize java.time.LocalDateTime: (java.time.format.DateTimeParseException) Text '2025-04-16' could not be parsed at index 10]
2025-04-15T02:11:27.087+09:00  WARN 30032 --- [workerManagers] [http-nio-8080-exec-2] .w.s.m.s.DefaultHandlerExceptionResolver : Resolved [org.springframework.http.converter.HttpMessageNotReadableException: JSON parse error: Cannot deserialize value of type `java.time.LocalDateTime` from String "2025-04-16": Failed to deserialize java.time.LocalDateTime: (java.time.format.DateTimeParseException) Text '2025-04-16' could not be parsed at index 10]
2025-04-15T02:11:27.233+09:00  WARN 30032 --- [workerManagers] [http-nio-8080-exec-4] .w.s.m.s.DefaultHandlerExceptionResolver : Resolved [org.springframework.http.converter.HttpMessageNotReadableException: JSON parse error: Cannot deserialize value of type `java.time.LocalDateTime` from String "2025-04-16": Failed to deserialize java.time.LocalDateTime: (java.time.format.DateTimeParseException) Text '2025-04-16' could not be parsed at index 10]
2025-04-15T02:11:27.361+09:00  WARN 30032 --- [workerManagers] [http-nio-8080-exec-5] .w.s.m.s.DefaultHandlerExceptionResolver : Resolved [org.springframework.http.converter.HttpMessageNotReadableException: JSON parse error: Cannot deserialize value of type `java.time.LocalDateTime` from String "2025-04-16": Failed to deserialize java.time.LocalDateTime: (java.time.format.DateTimeParseException) Text '2025-04-16' could not be parsed at index 10]
2025-04-15T02:12:45.836+09:00  WARN 30032 --- [workerManagers] [http-nio-8080-exec-1] .w.s.m.s.DefaultHandlerExceptionResolver : Resolved [org.springframework.http.converter.HttpMessageNotReadableException: JSON parse error: Cannot deserialize value of type `java.time.LocalDateTime` from String "2025-04-07": Failed to deserialize java.time.LocalDateTime: (java.time.format.DateTimeParseException) Text '2025-04-07' could not be parsed at index 10]
2025-04-15T02:13:39.781+09:00  WARN 30032 --- [workerManagers] [http-nio-8080-exec-2] .w.s.m.s.DefaultHandlerExceptionResolver : Resolved [org.springframework.http.converter.HttpMessageNotReadableException: JSON parse error: Cannot deserialize value of type `java.time.LocalDateTime` from String "2025-04-07": Failed to deserialize java.time.LocalDateTime: (java.time.format.DateTimeParseException) Text '2025-04-07' could not be parsed at index 10]
2025-04-15T02:13:51.029+09:00  WARN 30032 --- [workerManagers] [http-nio-8080-exec-4] .w.s.m.s.DefaultHandlerExceptionResolver : Resolved [org.springframework.http.converter.HttpMessageNotReadableException: JSON parse error: Cannot deserialize value of type `java.time.LocalDateTime` from String "2025-04-07": Failed to deserialize java.time.LocalDateTime: (java.time.format.DateTimeParseException) Text '2025-04-07' could not be parsed at index 10]
2025-04-15T02:13:53.996+09:00  WARN 30032 --- [workerManagers] [http-nio-8080-exec-5] .w.s.m.s.DefaultHandlerExceptionResolver : Resolved [org.springframework.http.converter.HttpMessageNotReadableException: JSON parse error: Cannot deserialize value of type `java.time.LocalDateTime` from String "2025-04-07": Failed to deserialize java.time.LocalDateTime: (java.time.format.DateTimeParseException) Text '2025-04-07' could not be parsed at index 10]
2025-04-15T02:16:41.871+09:00  WARN 30032 --- [workerManagers] [http-nio-8080-exec-10] .w.s.m.s.DefaultHandlerExceptionResolver : Resolved [org.springframework.http.converter.HttpMessageNotReadableException: JSON parse error: Cannot deserialize value of type `java.time.LocalDateTime` from String "2025-04-01": Failed to deserialize java.time.LocalDateTime: (java.time.format.DateTimeParseException) Text '2025-04-01' could not be parsed at index 10]
2025-04-15T02:17:06.850+09:00  INFO 30032 --- [workerManagers] [http-nio-8080-exec-2] c.e.w.g.s.JwtAuthenticationFilter        : 로그아웃 요청이 감지되었습니다. URI: /users/logout, 메서드: POST
2025-04-15T02:17:06.852+09:00  INFO 30032 --- [workerManagers] [http-nio-8080-exec-2] c.e.w.g.s.JwtAuthenticationFilter        : 로그아웃 요청의 토큰이 유효합니다.
2025-04-15T02:17:06.853+09:00  INFO 30032 --- [workerManagers] [http-nio-8080-exec-2] c.e.w.d.users.controller.UserController  : 로그아웃 요청이 들어왔습니다.
2025-04-15T02:17:06.853+09:00  INFO 30032 --- [workerManagers] [http-nio-8080-exec-2] c.e.w.d.users.service.UserServiceImpl    : 로그아웃 처리를 시작합니다.
2025-04-15T02:17:06.854+09:00  INFO 30032 --- [workerManagers] [http-nio-8080-exec-2] c.e.w.d.users.service.UserServiceImpl    : 토큰이 블랙리스트에 추가되었습니다: eyJhbGciOiJIUzUxMiJ9.eyJzdWIiOiJ0ZXN0QG5hdmVyLmNvbSIsImlhdCI6MTc0NDY1MTAxOSwiZXhwIjoxNzQ0NjU0NjE5fQ.oJ20MEfobgM6j0vQPscjJRGNC4x_lTlp0MZSaQyPeFlu9Gih1wy3kp4Kemdrnie7Ui2kU2uoBYFzih9OMNjG-g
2025-04-15T02:17:06.854+09:00  INFO 30032 --- [workerManagers] [http-nio-8080-exec-2] c.e.w.d.users.service.UserServiceImpl    : SecurityContext가 초기화되었습니다.
2025-04-15T02:17:06.854+09:00  INFO 30032 --- [workerManagers] [http-nio-8080-exec-2] c.e.w.d.users.controller.UserController  : 로그아웃이 성공적으로 처리되었습니다.
